// Jest Snapshot v1, https://goo.gl/fbAQLP

exports[`user matches snapshot 1`] = `
{
  "age": 30,
  "job": "Software Engineer",
  "name": "Jane Doee",
}
`;
